entity_name,field_order,field_name,data_type,offset,size,value,hex_raw
Customer,1,Id,int,0,4,1234,000004d2
Customer,2,Name,int,4,4,1,00000001
